// Jest Snapshot v1, https://goo.gl/fbAQLP

exports[`Keyboard renders correctly 1`] = `ShallowWrapper {}`;
